Using pre-set license
Built from '2022.3/staging' branch; Version is '2022.3.22f1 (887be4894c44) revision 8944612'; Using compiler version '192829333'; Build Type 'Release'
OS: 'Windows 11  (10.0.26100) 64bit Professional' Language: 'en' Physical Memory: 28565 MB
BatchMode: 1, IsHumanControllingUs: 0, StartBugReporterOnCrash: 0, Is64bit: 1, IsPro: 1

COMMAND LINE ARGUMENTS:
C:\Program Files\Unity\Hub\Editor\2022.3.22f1\Editor\Unity.exe
-adb2
-batchMode
-noUpm
-name
AssetImportWorker10
-projectPath
D:/Unity/MonitorLeg8
-logFile
Logs/AssetImportWorker10.log
-srvPort
57357
Successfully changed project path to: D:/Unity/MonitorLeg8
D:/Unity/MonitorLeg8
[UnityMemory] Configuration Parameters - Can be set up in boot.config
    "memorysetup-bucket-allocator-granularity=16"
    "memorysetup-bucket-allocator-bucket-count=8"
    "memorysetup-bucket-allocator-block-size=33554432"
    "memorysetup-bucket-allocator-block-count=8"
    "memorysetup-main-allocator-block-size=16777216"
    "memorysetup-thread-allocator-block-size=16777216"
    "memorysetup-gfx-main-allocator-block-size=16777216"
    "memorysetup-gfx-thread-allocator-block-size=16777216"
    "memorysetup-cache-allocator-block-size=4194304"
    "memorysetup-typetree-allocator-block-size=2097152"
    "memorysetup-profiler-bucket-allocator-granularity=16"
    "memorysetup-profiler-bucket-allocator-bucket-count=8"
    "memorysetup-profiler-bucket-allocator-block-size=33554432"
    "memorysetup-profiler-bucket-allocator-block-count=8"
    "memorysetup-profiler-allocator-block-size=16777216"
    "memorysetup-profiler-editor-allocator-block-size=1048576"
    "memorysetup-temp-allocator-size-main=16777216"
    "memorysetup-job-temp-allocator-block-size=2097152"
    "memorysetup-job-temp-allocator-block-size-background=1048576"
    "memorysetup-job-temp-allocator-reduction-small-platforms=262144"
    "memorysetup-allocator-temp-initial-block-size-main=262144"
    "memorysetup-allocator-temp-initial-block-size-worker=262144"
    "memorysetup-temp-allocator-size-background-worker=32768"
    "memorysetup-temp-allocator-size-job-worker=262144"
    "memorysetup-temp-allocator-size-preload-manager=33554432"
    "memorysetup-temp-allocator-size-nav-mesh-worker=65536"
    "memorysetup-temp-allocator-size-audio-worker=65536"
    "memorysetup-temp-allocator-size-cloud-worker=32768"
    "memorysetup-temp-allocator-size-gi-baking-worker=262144"
    "memorysetup-temp-allocator-size-gfx=262144"
Player connection [60880] Host "[IP] 192.168.254.120 [Port] 0 [Flags] 2 [Guid] 3856551635 [EditorId] 3856551635 [Version] 1048832 [Id] WindowsEditor(7,DESKTOP-GSFHFT3) [Debug] 1 [PackageName] WindowsEditor [ProjectName] Editor" joined multi-casting on [225.0.0.222:54997]...

Player connection [60880] Host "[IP] 192.168.254.120 [Port] 0 [Flags] 2 [Guid] 3856551635 [EditorId] 3856551635 [Version] 1048832 [Id] WindowsEditor(7,DESKTOP-GSFHFT3) [Debug] 1 [PackageName] WindowsEditor [ProjectName] Editor" joined alternative multi-casting on [225.0.0.222:34997]...

[Physics::Module] Initialized MultithreadedJobDispatcher with 11 workers.
Refreshing native plugins compatible for Editor in 10.08 ms, found 3 plugins.
Preloading 0 native plugins for Editor in 0.00 ms.
Initialize engine version: 2022.3.22f1 (887be4894c44)
[Subsystems] Discovering subsystems at path C:/Program Files/Unity/Hub/Editor/2022.3.22f1/Editor/Data/Resources/UnitySubsystems
[Subsystems] Discovering subsystems at path D:/Unity/MonitorLeg8/Assets
GfxDevice: creating device client; threaded=0; jobified=0
Direct3D:
    Version:  Direct3D 11.0 [level 11.1]
    Renderer: NVIDIA GeForce RTX 4060 (ID=0x2882)
    Vendor:   NVIDIA
    VRAM:     7957 MB
    Driver:   32.0.15.6094
Initialize mono
Mono path[0] = 'C:/Program Files/Unity/Hub/Editor/2022.3.22f1/Editor/Data/Managed'
Mono path[1] = 'C:/Program Files/Unity/Hub/Editor/2022.3.22f1/Editor/Data/MonoBleedingEdge/lib/mono/unityjit-win32'
Mono config path = 'C:/Program Files/Unity/Hub/Editor/2022.3.22f1/Editor/Data/MonoBleedingEdge/etc'
Using monoOptions --debugger-agent=transport=dt_socket,embedding=1,server=y,suspend=n,address=127.0.0.1:56632
Begin MonoManager ReloadAssembly
Registering precompiled unity dll's ...
Register platform support module: C:/Program Files/Unity/Hub/Editor/2022.3.22f1/Editor/Data/PlaybackEngines/WebGLSupport/UnityEditor.WebGL.Extensions.dll
Register platform support module: C:/Program Files/Unity/Hub/Editor/2022.3.22f1/Editor/Data/PlaybackEngines/AndroidPlayer/UnityEditor.Android.Extensions.dll
Register platform support module: C:/Program Files/Unity/Hub/Editor/2022.3.22f1/Editor/Data/PlaybackEngines/WindowsStandaloneSupport/UnityEditor.WindowsStandalone.Extensions.dll
Registered in 0.011975 seconds.
- Loaded All Assemblies, in  0.387 seconds
Native extension for WindowsStandalone target not found
Native extension for Android target not found
Android Extension - Scanning For ADB Devices 410 ms
Native extension for WebGL target not found
Mono: successfully reloaded assembly
- Finished resetting the current domain, in  0.757 seconds
Domain Reload Profiling: 1142ms
	BeginReloadAssembly (121ms)
		ExecutionOrderSort (0ms)
		DisableScriptedObjects (0ms)
		BackupInstance (0ms)
		ReleaseScriptingObjects (0ms)
		CreateAndSetChildDomain (1ms)
	RebuildCommonClasses (31ms)
	RebuildNativeTypeToScriptingClass (9ms)
	initialDomainReloadingComplete (63ms)
	LoadAllAssembliesAndSetupDomain (160ms)
		LoadAssemblies (119ms)
		RebuildTransferFunctionScriptingTraits (0ms)
		AnalyzeDomain (158ms)
			TypeCache.Refresh (156ms)
				TypeCache.ScanAssembly (143ms)
			ScanForSourceGeneratedMonoScriptInfo (0ms)
			ResolveRequiredComponents (0ms)
	FinalizeReload (757ms)
		ReleaseScriptCaches (0ms)
		RebuildScriptCaches (0ms)
		SetupLoadedEditorAssemblies (698ms)
			LogAssemblyErrors (0ms)
			InitializePlatformSupportModulesInManaged (523ms)
			SetLoadedEditorAssemblies (4ms)
			RefreshPlugins (0ms)
			BeforeProcessingInitializeOnLoad (3ms)
			ProcessInitializeOnLoadAttributes (124ms)
			ProcessInitializeOnLoadMethodAttributes (44ms)
			AfterProcessingInitializeOnLoad (0ms)
			EditorAssembliesLoaded (0ms)
		ExecutionOrderSort2 (0ms)
		AwakeInstancesAfterBackupRestoration (0ms)
========================================================================
Worker process is ready to serve import requests
Begin MonoManager ReloadAssembly
- Loaded All Assemblies, in  0.795 seconds
Refreshing native plugins compatible for Editor in 3.59 ms, found 3 plugins.
Native extension for WindowsStandalone target not found
Native extension for Android target not found
Native extension for WebGL target not found
<color=white>• You are using a <b>Non-Commercial</b> version of <b>VhsFx</b> developed by <b>NullTale</b></color>.
When using this version, please remember to specify <b>Author Attribution</b> according to the <b>Licence</b> used.
------------- - - - -  -  -
A full use <b>Licence</b> can be acquired on <a href="https://assetstore.unity.com/packages/vfx/shaders/fullscreen-camera-effects/270015">Asset Store</a> or negotiated with the Author in cases of special licensing.
 
UnityEngine.StackTraceUtility:ExtractStackTrace ()
UnityEngine.DebugLogHandler:LogFormat (UnityEngine.LogType,UnityEngine.Object,string,object[])
UnityEngine.Logger:Log (UnityEngine.LogType,object)
UnityEngine.Debug:Log (object)
VolFx.Editor.PassDrawer:CopyrightInfo () (at ./Library/PackageCache/www.nulltale.vhsfx@341ca660dd/Editor/PassDrawer.cs:162)
System.Reflection.RuntimeMethodInfo:Invoke (object,System.Reflection.BindingFlags,System.Reflection.Binder,object[],System.Globalization.CultureInfo)
System.Reflection.MethodBase:Invoke (object,object[])
UnityEditor.EditorAssemblies:ProcessInitializeOnLoadMethodAttributes ()

(Filename: ./Library/PackageCache/www.nulltale.vhsfx@341ca660dd/Editor/PassDrawer.cs Line: 162)

Mono: successfully reloaded assembly
- Finished resetting the current domain, in  0.842 seconds
Domain Reload Profiling: 1633ms
	BeginReloadAssembly (152ms)
		ExecutionOrderSort (0ms)
		DisableScriptedObjects (6ms)
		BackupInstance (0ms)
		ReleaseScriptingObjects (0ms)
		CreateAndSetChildDomain (23ms)
	RebuildCommonClasses (34ms)
	RebuildNativeTypeToScriptingClass (9ms)
	initialDomainReloadingComplete (48ms)
	LoadAllAssembliesAndSetupDomain (547ms)
		LoadAssemblies (375ms)
		RebuildTransferFunctionScriptingTraits (0ms)
		AnalyzeDomain (265ms)
			TypeCache.Refresh (221ms)
				TypeCache.ScanAssembly (202ms)
			ScanForSourceGeneratedMonoScriptInfo (30ms)
			ResolveRequiredComponents (13ms)
	FinalizeReload (842ms)
		ReleaseScriptCaches (0ms)
		RebuildScriptCaches (0ms)
		SetupLoadedEditorAssemblies (627ms)
			LogAssemblyErrors (0ms)
			InitializePlatformSupportModulesInManaged (30ms)
			SetLoadedEditorAssemblies (4ms)
			RefreshPlugins (0ms)
			BeforeProcessingInitializeOnLoad (93ms)
			ProcessInitializeOnLoadAttributes (422ms)
			ProcessInitializeOnLoadMethodAttributes (69ms)
			AfterProcessingInitializeOnLoad (9ms)
			EditorAssembliesLoaded (0ms)
		ExecutionOrderSort2 (0ms)
		AwakeInstancesAfterBackupRestoration (6ms)
Launched and connected shader compiler UnityShaderCompiler.exe after 0.06 seconds
Refreshing native plugins compatible for Editor in 4.40 ms, found 3 plugins.
Preloading 0 native plugins for Editor in 0.00 ms.
Unloading 6616 Unused Serialized files (Serialized files now loaded: 0)
Unloading 101 unused Assets / (2.9 MB). Loaded Objects now: 7084.
Memory consumption went from 291.1 MB to 288.2 MB.
Total: 4.705500 ms (FindLiveObjects: 0.506300 ms CreateObjectMapping: 0.360200 ms MarkObjects: 3.075000 ms  DeleteObjects: 0.762800 ms)

AssetImportParameters requested are different than current active one (requested -> active):
  custom:container-demuxer-ogg: 62fdf1f143b41e24485cea50d1cbac27 -> 
  custom:framework-win-MediaFoundation: 216162199b28c13a410421893ffa2e32 -> 
  custom:container-muxer-webm: aa71ff27fc2769a1b78a27578f13a17b -> 
  custom:video-decoder-webm-vp8: 9c59270c3fd7afecdb556c50c9e8de78 -> 
  custom:SearchIndexIgnoredProperties: e643bd26f0fe6173181afceb89e7c659 -> 
  custom:AudioImporter_EditorPlatform: d09bf68614088b80899f8185d706f6e7 -> 
  custom:audio-decoder-ogg-vorbis: bf7c407c2cedff20999df2af8eb42d56 -> 
  custom:audio-encoder-webm-vorbis: bf7c407c2cedff20999df2af8eb42d56 -> 
  custom:video-codec-MediaFoundation-h265: 746d11721c4dcdbdad8f713fa42b33f4 -> 
  custom:video-decoder-ogg-theora: a1e56fd34408186e4bbccfd4996cb3dc -> 
  custom:CustomObjectIndexerAttribute: 3ead1caaecf1c488f20bcfeb224b6af5 -> 
  custom:container-demuxer-webm: 4f35f7cbe854078d1ac9338744f61a02 -> 
  custom:video-encoder-webm-vp8: eb34c28f22e8b96e1ab97ce403110664 -> 
========================================================================
Received Import Request.
  Time since last request: 24552.771607 seconds.
  path: Assets/Media/Cutscene/FirstFishCutscene.playable
  artifactKey: Guid(7baf4b9c6e27c0646af115029abdfdda) Importer(815301076,1909f56bfc062723c751e8b465ee728b)
Start importing Assets/Media/Cutscene/FirstFishCutscene.playable using Guid(7baf4b9c6e27c0646af115029abdfdda) Importer(815301076,1909f56bfc062723c751e8b465ee728b)  -> (artifact id: '094d7212aa63a6488e30e556a4610c81') in 0.038434 seconds
Number of updated asset objects reloaded before import = 0
Number of asset objects unloaded after import = 46
========================================================================
Received Import Request.
  Time since last request: 9.178454 seconds.
  path: Assets/Prefabs/Gwangju_3D asset/28_SamhuiRestaurant/Prefabs/SamhuiRestaurant.prefab
  artifactKey: Guid(30832e25d451c954e9a5dcfa7f12c865) Importer(815301076,1909f56bfc062723c751e8b465ee728b)
Start importing Assets/Prefabs/Gwangju_3D asset/28_SamhuiRestaurant/Prefabs/SamhuiRestaurant.prefab using Guid(30832e25d451c954e9a5dcfa7f12c865) Importer(815301076,1909f56bfc062723c751e8b465ee728b)  -> (artifact id: '0f53ad441642a1d05897d648a95b4c8b') in 0.331782 seconds
Number of updated asset objects reloaded before import = 0
Number of asset objects unloaded after import = 89
========================================================================
Received Import Request.
  Time since last request: 0.000036 seconds.
  path: Assets/Prefabs/Gwangju_3D asset/28_SamhuiRestaurant/Textures/SamhuiRestaurant_Diorama_Normal.png
  artifactKey: Guid(17b5d28e89a2caa4d85172ceac95a07d) Importer(815301076,1909f56bfc062723c751e8b465ee728b)
Start importing Assets/Prefabs/Gwangju_3D asset/28_SamhuiRestaurant/Textures/SamhuiRestaurant_Diorama_Normal.png using Guid(17b5d28e89a2caa4d85172ceac95a07d) Importer(815301076,1909f56bfc062723c751e8b465ee728b)  -> (artifact id: 'e4e00849bdb6270834ddd44d2baffb91') in 0.031783 seconds
Number of updated asset objects reloaded before import = 0
Number of asset objects unloaded after import = 2
========================================================================
Received Import Request.
  Time since last request: 0.000032 seconds.
  path: Assets/Prefabs/Gwangju_3D asset/28_SamhuiRestaurant/Meshes/SamhuiRestaurant_Diorama.fbx
  artifactKey: Guid(ac6ad1b297400784896978f69ecdc7f4) Importer(815301076,1909f56bfc062723c751e8b465ee728b)
Start importing Assets/Prefabs/Gwangju_3D asset/28_SamhuiRestaurant/Meshes/SamhuiRestaurant_Diorama.fbx using Guid(ac6ad1b297400784896978f69ecdc7f4) Importer(815301076,1909f56bfc062723c751e8b465ee728b)  -> (artifact id: '262046e6d798830ba7628f3862f3cc8c') in 0.072221 seconds
Number of updated asset objects reloaded before import = 0
Number of asset objects unloaded after import = 24
========================================================================
Received Import Request.
  Time since last request: 0.000020 seconds.
  path: Assets/Prefabs/Gwangju_3D asset/28_SamhuiRestaurant/Materials/SamhuiRestaurant_Trim_Floor.mat
  artifactKey: Guid(b87544f9b30afff49845546a290d6092) Importer(815301076,1909f56bfc062723c751e8b465ee728b)
Start importing Assets/Prefabs/Gwangju_3D asset/28_SamhuiRestaurant/Materials/SamhuiRestaurant_Trim_Floor.mat using Guid(b87544f9b30afff49845546a290d6092) Importer(815301076,1909f56bfc062723c751e8b465ee728b)  -> (artifact id: 'a1eae2d47d9d361a5617c21adf298ce7') in 0.036615 seconds
Number of updated asset objects reloaded before import = 0
Number of asset objects unloaded after import = 5
========================================================================
Received Import Request.
  Time since last request: 8.051675 seconds.
  path: Packages/com.unity.shadergraph/Editor/Generation/Templates/BuildVertexDescriptionInputs.template.hlsl
  artifactKey: Guid(430a733c64a5c474787ac95203c2056b) Importer(815301076,1909f56bfc062723c751e8b465ee728b)
Start importing Packages/com.unity.shadergraph/Editor/Generation/Templates/BuildVertexDescriptionInputs.template.hlsl using Guid(430a733c64a5c474787ac95203c2056b) Importer(815301076,1909f56bfc062723c751e8b465ee728b)  -> (artifact id: '8dd7e913b49fe389c5c5e4b9e3a15e2f') in 0.000996 seconds
Number of updated asset objects reloaded before import = 0
Number of asset objects unloaded after import = 1
========================================================================
Received Import Request.
  Time since last request: 18.050688 seconds.
  path: Assets/Prefabs/Gwangju_3D asset/Common_Assets/Bg_Preset/Ground.fbx
  artifactKey: Guid(1b89229eb37aced40b4a8ec08ca33bc1) Importer(815301076,1909f56bfc062723c751e8b465ee728b)
Start importing Assets/Prefabs/Gwangju_3D asset/Common_Assets/Bg_Preset/Ground.fbx using Guid(1b89229eb37aced40b4a8ec08ca33bc1) Importer(815301076,1909f56bfc062723c751e8b465ee728b)  -> (artifact id: 'c2d7d2e2bfe2a2d64bf2d0d63447ca37') in 0.023273 seconds
Number of updated asset objects reloaded before import = 0
Number of asset objects unloaded after import = 8
========================================================================
Received Import Request.
  Time since last request: 0.486506 seconds.
  path: Assets/Assets/ID_Scanner/ID_Scanner_Slim.fbx
  artifactKey: Guid(f4922854c2574c1429bf069e3deaaa2f) Importer(815301076,1909f56bfc062723c751e8b465ee728b)
Start importing Assets/Assets/ID_Scanner/ID_Scanner_Slim.fbx using Guid(f4922854c2574c1429bf069e3deaaa2f) Importer(815301076,1909f56bfc062723c751e8b465ee728b)  -> (artifact id: '86d8bef8adbe10c475352cabc6a88aa9') in 0.051506 seconds
Number of updated asset objects reloaded before import = 0
Number of asset objects unloaded after import = 17
========================================================================
Received Import Request.
  Time since last request: 0.327794 seconds.
  path: Assets/Prefabs/Monsters/Frog/phrog_jumpscare animations.prefab
  artifactKey: Guid(2b142e5402152a44592f76a6dd04f548) Importer(815301076,1909f56bfc062723c751e8b465ee728b)
Start importing Assets/Prefabs/Monsters/Frog/phrog_jumpscare animations.prefab using Guid(2b142e5402152a44592f76a6dd04f548) Importer(815301076,1909f56bfc062723c751e8b465ee728b)  -> (artifact id: 'eaf2760f8743ebd6261e67effa783f45') in 0.095726 seconds
Number of updated asset objects reloaded before import = 0
Number of asset objects unloaded after import = 1814
========================================================================
Received Import Request.
  Time since last request: 24.034612 seconds.
  path: Assets/Assets/Kitchen_Fridge/Kitchen_Fridge_Material.052_AmbientOcclusion.png
  artifactKey: Guid(b847fc539affdf947be373764cc468d6) Importer(815301076,1909f56bfc062723c751e8b465ee728b)
Start importing Assets/Assets/Kitchen_Fridge/Kitchen_Fridge_Material.052_AmbientOcclusion.png using Guid(b847fc539affdf947be373764cc468d6) Importer(815301076,1909f56bfc062723c751e8b465ee728b)  -> (artifact id: 'a1c5e9bb84590d3f2bac9783e084e294') in 0.018821 seconds
Number of updated asset objects reloaded before import = 0
Number of asset objects unloaded after import = 2
========================================================================
Received Import Request.
  Time since last request: 0.000022 seconds.
  path: Assets/Assets/Kitchen_Sink/Kitchen_Sink_Material.022_Normal.png
  artifactKey: Guid(e4927ac2e782e9b4f97b65fee893a451) Importer(815301076,1909f56bfc062723c751e8b465ee728b)
Start importing Assets/Assets/Kitchen_Sink/Kitchen_Sink_Material.022_Normal.png using Guid(e4927ac2e782e9b4f97b65fee893a451) Importer(815301076,1909f56bfc062723c751e8b465ee728b)  -> (artifact id: 'c5c648da90fddb65ad67112878826aa4') in 0.016936 seconds
Number of updated asset objects reloaded before import = 0
Number of asset objects unloaded after import = 2
========================================================================
Received Import Request.
  Time since last request: 0.000023 seconds.
  path: Assets/Assets/Kitchen_Fridge/Kitchen_Fridge_Material.053_Normal.png
  artifactKey: Guid(971cdc31bc5fced4fa640df224308523) Importer(815301076,1909f56bfc062723c751e8b465ee728b)
Start importing Assets/Assets/Kitchen_Fridge/Kitchen_Fridge_Material.053_Normal.png using Guid(971cdc31bc5fced4fa640df224308523) Importer(815301076,1909f56bfc062723c751e8b465ee728b)  -> (artifact id: 'ddf3ae7560c18e9b708d382334d0090f') in 0.016407 seconds
Number of updated asset objects reloaded before import = 0
Number of asset objects unloaded after import = 2
========================================================================
Received Import Request.
  Time since last request: 0.000024 seconds.
  path: Assets/Assets/Kitchen_Sink/Kitchen_Sink_Material.022_AmbientOcclusion.png
  artifactKey: Guid(b088975c4e70ca64e83fecb13614d410) Importer(815301076,1909f56bfc062723c751e8b465ee728b)
Start importing Assets/Assets/Kitchen_Sink/Kitchen_Sink_Material.022_AmbientOcclusion.png using Guid(b088975c4e70ca64e83fecb13614d410) Importer(815301076,1909f56bfc062723c751e8b465ee728b)  -> (artifact id: '61f94d9498ee01d5a92350ca9fe39c95') in 0.017543 seconds
Number of updated asset objects reloaded before import = 0
Number of asset objects unloaded after import = 2
========================================================================
Received Import Request.
  Time since last request: 0.000028 seconds.
  path: Assets/Assets/Kitchen_Fridge/Kitchen_Fridge_Material.053_AlbedoTransparency.png
  artifactKey: Guid(44fd45aaf6e14a7469600561d1d69460) Importer(815301076,1909f56bfc062723c751e8b465ee728b)
Start importing Assets/Assets/Kitchen_Fridge/Kitchen_Fridge_Material.053_AlbedoTransparency.png using Guid(44fd45aaf6e14a7469600561d1d69460) Importer(815301076,1909f56bfc062723c751e8b465ee728b)  -> (artifact id: 'b344006a2f16f73ea3fb4468709a700b') in 0.016182 seconds
Number of updated asset objects reloaded before import = 0
Number of asset objects unloaded after import = 2
========================================================================
Received Import Request.
  Time since last request: 0.000022 seconds.
  path: Assets/Assets/Kitchen_Sink/Kitchen_Sink_Material.050_MetallicSmoothness.png
  artifactKey: Guid(4c6911e4751044d46bc24adaff7114a1) Importer(815301076,1909f56bfc062723c751e8b465ee728b)
Start importing Assets/Assets/Kitchen_Sink/Kitchen_Sink_Material.050_MetallicSmoothness.png using Guid(4c6911e4751044d46bc24adaff7114a1) Importer(815301076,1909f56bfc062723c751e8b465ee728b)  -> (artifact id: '30ba229ed362c8775b4b9da988c3e1d1') in 0.009191 seconds
Number of updated asset objects reloaded before import = 0
Number of asset objects unloaded after import = 2
========================================================================
Received Import Request.
  Time since last request: 0.869442 seconds.
  path: Assets/Assets/Kitchen_Sink/Kitchen_Sink_Material.051_AmbientOcclusion.png
  artifactKey: Guid(9055f9df062d155468b002420370027b) Importer(815301076,1909f56bfc062723c751e8b465ee728b)
Start importing Assets/Assets/Kitchen_Sink/Kitchen_Sink_Material.051_AmbientOcclusion.png using Guid(9055f9df062d155468b002420370027b) Importer(815301076,1909f56bfc062723c751e8b465ee728b)  -> (artifact id: 'b2417094173883d48e164893ae6bd9e3') in 0.017114 seconds
Number of updated asset objects reloaded before import = 0
Number of asset objects unloaded after import = 2
========================================================================
Received Import Request.
  Time since last request: 0.000021 seconds.
  path: Assets/Assets/Laboratory_Table/Laboratory_Table_Material.055_AlbedoTransparency.png
  artifactKey: Guid(acca194843b2a6249b00135ce0c31167) Importer(815301076,1909f56bfc062723c751e8b465ee728b)
Start importing Assets/Assets/Laboratory_Table/Laboratory_Table_Material.055_AlbedoTransparency.png using Guid(acca194843b2a6249b00135ce0c31167) Importer(815301076,1909f56bfc062723c751e8b465ee728b)  -> (artifact id: '19140969e4a90f03ed68caa31bf56b67') in 0.017822 seconds
Number of updated asset objects reloaded before import = 0
Number of asset objects unloaded after import = 2
========================================================================
Received Import Request.
  Time since last request: 0.000019 seconds.
  path: Assets/Assets/Kitchen_Sink/Kitchen_Sink_Material.051_MetallicSmoothness.png
  artifactKey: Guid(9382d689709af7b43bad5ba6cf2f1b32) Importer(815301076,1909f56bfc062723c751e8b465ee728b)
Start importing Assets/Assets/Kitchen_Sink/Kitchen_Sink_Material.051_MetallicSmoothness.png using Guid(9382d689709af7b43bad5ba6cf2f1b32) Importer(815301076,1909f56bfc062723c751e8b465ee728b)  -> (artifact id: '3a77866af167121dc7ae288c55b9bcac') in 0.014295 seconds
Number of updated asset objects reloaded before import = 0
Number of asset objects unloaded after import = 2
========================================================================
Received Import Request.
  Time since last request: 0.000028 seconds.
  path: Assets/Assets/Laboratory_Table/Laboratory_Table_Material.057_MetallicSmoothness.png
  artifactKey: Guid(53e09a1f384a3164f8534aa51e0828e3) Importer(815301076,1909f56bfc062723c751e8b465ee728b)
Start importing Assets/Assets/Laboratory_Table/Laboratory_Table_Material.057_MetallicSmoothness.png using Guid(53e09a1f384a3164f8534aa51e0828e3) Importer(815301076,1909f56bfc062723c751e8b465ee728b)  -> (artifact id: '6fa627c5f4e9bae07f95f359eed3fe54') in 0.009283 seconds
Number of updated asset objects reloaded before import = 0
Number of asset objects unloaded after import = 2
========================================================================
Received Import Request.
  Time since last request: 0.000021 seconds.
  path: Assets/Assets/Laboratory_Table/Laboratory_Table_Material.023_MetallicSmoothness.png
  artifactKey: Guid(b2e8c08c6f23f4e46a0ca8ff901f82a2) Importer(815301076,1909f56bfc062723c751e8b465ee728b)
Start importing Assets/Assets/Laboratory_Table/Laboratory_Table_Material.023_MetallicSmoothness.png using Guid(b2e8c08c6f23f4e46a0ca8ff901f82a2) Importer(815301076,1909f56bfc062723c751e8b465ee728b)  -> (artifact id: '4e01ab7d79cca516aa3b6c0417c50e4d') in 0.008528 seconds
Number of updated asset objects reloaded before import = 0
Number of asset objects unloaded after import = 2
========================================================================
Received Import Request.
  Time since last request: 0.000034 seconds.
  path: Assets/Assets/Laboratory_Table/Laboratory_Table_Material.055_Normal.png
  artifactKey: Guid(387cda7e382192846b5d031c152041a1) Importer(815301076,1909f56bfc062723c751e8b465ee728b)
Start importing Assets/Assets/Laboratory_Table/Laboratory_Table_Material.055_Normal.png using Guid(387cda7e382192846b5d031c152041a1) Importer(815301076,1909f56bfc062723c751e8b465ee728b)  -> (artifact id: '430ce7f1a50155ca693e39f7d9353c1c') in 0.010954 seconds
Number of updated asset objects reloaded before import = 0
Number of asset objects unloaded after import = 2
========================================================================
Received Import Request.
  Time since last request: 0.000018 seconds.
  path: Assets/Assets/Laboratory_Table/Laboratory_Table_Material.057_Normal.png
  artifactKey: Guid(97cc02779c7b7994c8a63e8604fb2c07) Importer(815301076,1909f56bfc062723c751e8b465ee728b)
Start importing Assets/Assets/Laboratory_Table/Laboratory_Table_Material.057_Normal.png using Guid(97cc02779c7b7994c8a63e8604fb2c07) Importer(815301076,1909f56bfc062723c751e8b465ee728b)  -> (artifact id: 'ab424901c50a2e2e1a748450269bee00') in 0.017306 seconds
Number of updated asset objects reloaded before import = 0
Number of asset objects unloaded after import = 2
========================================================================
Received Import Request.
  Time since last request: 0.000024 seconds.
  path: Assets/Assets/Kitchen_Stove/Kitchen_Stove_DefaultMaterial_Normal.1001.png
  artifactKey: Guid(2656a2392e16027428501764a685dac3) Importer(815301076,1909f56bfc062723c751e8b465ee728b)
Start importing Assets/Assets/Kitchen_Stove/Kitchen_Stove_DefaultMaterial_Normal.1001.png using Guid(2656a2392e16027428501764a685dac3) Importer(815301076,1909f56bfc062723c751e8b465ee728b)  -> (artifact id: '127cd4f3781e70be8e10fa951cb289d0') in 0.015802 seconds
Number of updated asset objects reloaded before import = 0
Number of asset objects unloaded after import = 2
========================================================================
Received Import Request.
  Time since last request: 0.000029 seconds.
  path: Assets/Assets/Laboratory_Table/Laboratory_Table_Material.057_AlbedoTransparency.png
  artifactKey: Guid(6de3c88f448032046ad032cc9e356940) Importer(815301076,1909f56bfc062723c751e8b465ee728b)
Start importing Assets/Assets/Laboratory_Table/Laboratory_Table_Material.057_AlbedoTransparency.png using Guid(6de3c88f448032046ad032cc9e356940) Importer(815301076,1909f56bfc062723c751e8b465ee728b)  -> (artifact id: '1e8089c0e4fc636340aec70b0bc20c9e') in 0.018262 seconds
Number of updated asset objects reloaded before import = 0
Number of asset objects unloaded after import = 2
========================================================================
Received Import Request.
  Time since last request: 0.000018 seconds.
  path: Assets/Assets/Laboratory_Table/Laboratory_Table_Material.023_Normal.png
  artifactKey: Guid(cd74fcb377276b44399a58686dcd538c) Importer(815301076,1909f56bfc062723c751e8b465ee728b)
Start importing Assets/Assets/Laboratory_Table/Laboratory_Table_Material.023_Normal.png using Guid(cd74fcb377276b44399a58686dcd538c) Importer(815301076,1909f56bfc062723c751e8b465ee728b)  -> (artifact id: '75b018a7d8e9c1d3fbbb40af7fe82431') in 0.018025 seconds
Number of updated asset objects reloaded before import = 0
Number of asset objects unloaded after import = 2
========================================================================
Received Import Request.
  Time since last request: 0.219184 seconds.
  path: Assets/Assets/Laboratory_Table/Laboratory_Table_Material.058_Normal.png
  artifactKey: Guid(4b8cb25be0f9d45479f89a9672fd0f12) Importer(815301076,1909f56bfc062723c751e8b465ee728b)
Start importing Assets/Assets/Laboratory_Table/Laboratory_Table_Material.058_Normal.png using Guid(4b8cb25be0f9d45479f89a9672fd0f12) Importer(815301076,1909f56bfc062723c751e8b465ee728b)  -> (artifact id: 'c49654ec27cf39a8b3d9f7915e5703db') in 0.017833 seconds
Number of updated asset objects reloaded before import = 0
Number of asset objects unloaded after import = 2
========================================================================
Received Import Request.
  Time since last request: 0.375361 seconds.
  path: Assets/Prefabs/Gwangju_3D asset/Scenes/28_SamhuiRestaurant/Lightmap-0_comp_dir.png
  artifactKey: Guid(272e0082c88dca54b8d7e29bb0a97101) Importer(815301076,1909f56bfc062723c751e8b465ee728b)
Start importing Assets/Prefabs/Gwangju_3D asset/Scenes/28_SamhuiRestaurant/Lightmap-0_comp_dir.png using Guid(272e0082c88dca54b8d7e29bb0a97101) Importer(815301076,1909f56bfc062723c751e8b465ee728b)  -> (artifact id: '5a4931fa05c215fbab208075b18d3877') in 0.017874 seconds
Number of updated asset objects reloaded before import = 0
Number of asset objects unloaded after import = 2
========================================================================
Received Import Request.
  Time since last request: 0.000024 seconds.
  path: Assets/RenderTextures/LoadingScreen.renderTexture
  artifactKey: Guid(9ddfe1dc3dcaf494594566def6d6858d) Importer(815301076,1909f56bfc062723c751e8b465ee728b)
Start importing Assets/RenderTextures/LoadingScreen.renderTexture using Guid(9ddfe1dc3dcaf494594566def6d6858d) Importer(815301076,1909f56bfc062723c751e8b465ee728b)  -> (artifact id: '6be0d23deea7fc469692abbee93aa972') in 0.015846 seconds
Number of updated asset objects reloaded before import = 0
Number of asset objects unloaded after import = 2
========================================================================
Received Import Request.
  Time since last request: 0.000018 seconds.
  path: Assets/Assets/Bed/medbay bed_DefaultMaterial_Normal.1001.png
  artifactKey: Guid(e9246d2203377214bb2da23954238c28) Importer(815301076,1909f56bfc062723c751e8b465ee728b)
Start importing Assets/Assets/Bed/medbay bed_DefaultMaterial_Normal.1001.png using Guid(e9246d2203377214bb2da23954238c28) Importer(815301076,1909f56bfc062723c751e8b465ee728b)  -> (artifact id: '0fdea50e93b46a23eae923d671dc6a92') in 0.022218 seconds
Number of updated asset objects reloaded before import = 0
Number of asset objects unloaded after import = 2
========================================================================
Received Import Request.
  Time since last request: 0.000017 seconds.
  path: Assets/Assets/Oxygen_Tank/Oxygen_Tank_Material.062_Emission.png
  artifactKey: Guid(482a746b005a00447828605dce9c49ba) Importer(815301076,1909f56bfc062723c751e8b465ee728b)
Start importing Assets/Assets/Oxygen_Tank/Oxygen_Tank_Material.062_Emission.png using Guid(482a746b005a00447828605dce9c49ba) Importer(815301076,1909f56bfc062723c751e8b465ee728b)  -> (artifact id: '30bc0b9ba8020ce170b21efd7fca2759') in 0.007342 seconds
Number of updated asset objects reloaded before import = 0
Number of asset objects unloaded after import = 2
========================================================================
Received Import Request.
  Time since last request: 0.000028 seconds.
  path: Assets/Prefabs/Monsters/Frog/phrog_DefaultMaterial_SpecularSmoothness.1001.png
  artifactKey: Guid(ccbe671ffd319ba47aae27f16f267974) Importer(815301076,1909f56bfc062723c751e8b465ee728b)
Start importing Assets/Prefabs/Monsters/Frog/phrog_DefaultMaterial_SpecularSmoothness.1001.png using Guid(ccbe671ffd319ba47aae27f16f267974) Importer(815301076,1909f56bfc062723c751e8b465ee728b)  -> (artifact id: 'f8c53f0c9ff2fc0d63f503185b7584a3') in 0.017951 seconds
Number of updated asset objects reloaded before import = 0
Number of asset objects unloaded after import = 2
========================================================================
Received Import Request.
  Time since last request: 0.000022 seconds.
  path: Assets/Assets/Oxygen_Tank/Oxygen_Tank_Material.062_Normal.png
  artifactKey: Guid(7215bf39a138eb843b2ec5bbc2c4a8ca) Importer(815301076,1909f56bfc062723c751e8b465ee728b)
Start importing Assets/Assets/Oxygen_Tank/Oxygen_Tank_Material.062_Normal.png using Guid(7215bf39a138eb843b2ec5bbc2c4a8ca) Importer(815301076,1909f56bfc062723c751e8b465ee728b)  -> (artifact id: '74980b10096e1528a148b7307c6a8726') in 0.008632 seconds
Number of updated asset objects reloaded before import = 0
Number of asset objects unloaded after import = 2
========================================================================
Received Import Request.
  Time since last request: 0.000026 seconds.
  path: Assets/Assets/Oxygen_Tank/Oxygen_Tank_Material.062_MetallicSmoothness.png
  artifactKey: Guid(4314573737414ee48b1d405dca9b3cf4) Importer(815301076,1909f56bfc062723c751e8b465ee728b)
Start importing Assets/Assets/Oxygen_Tank/Oxygen_Tank_Material.062_MetallicSmoothness.png using Guid(4314573737414ee48b1d405dca9b3cf4) Importer(815301076,1909f56bfc062723c751e8b465ee728b)  -> (artifact id: '44e047255129ce94ab2c7775d45f7fc5') in 0.008145 seconds
Number of updated asset objects reloaded before import = 0
Number of asset objects unloaded after import = 2
========================================================================
Received Import Request.
  Time since last request: 0.000020 seconds.
  path: Assets/Assets/Rectangle_Tank_1/Rectangle_Tank_1_Material.064_AlbedoTransparency.png
  artifactKey: Guid(402fea3e3fc31c54d85d2ae9f64f4ce0) Importer(815301076,1909f56bfc062723c751e8b465ee728b)
Start importing Assets/Assets/Rectangle_Tank_1/Rectangle_Tank_1_Material.064_AlbedoTransparency.png using Guid(402fea3e3fc31c54d85d2ae9f64f4ce0) Importer(815301076,1909f56bfc062723c751e8b465ee728b)  -> (artifact id: 'e1b5f4bb0fb04c134e2e8a7458711d5b') in 0.017025 seconds
Number of updated asset objects reloaded before import = 0
Number of asset objects unloaded after import = 2
========================================================================
Received Import Request.
  Time since last request: 0.508021 seconds.
  path: Assets/Prefabs/Gwangju_3D asset/Scenes/28_SamhuiRestaurant/ReflectionProbe-0.exr
  artifactKey: Guid(2a8b3e365b65a9148ada94112224c0b1) Importer(815301076,1909f56bfc062723c751e8b465ee728b)
Start importing Assets/Prefabs/Gwangju_3D asset/Scenes/28_SamhuiRestaurant/ReflectionProbe-0.exr using Guid(2a8b3e365b65a9148ada94112224c0b1) Importer(815301076,1909f56bfc062723c751e8b465ee728b)  -> (artifact id: 'c7b10d3b483311c8b0ddc27c4e1cc938') in 0.030530 seconds
Number of updated asset objects reloaded before import = 0
Number of asset objects unloaded after import = 2
========================================================================
Received Import Request.
  Time since last request: 0.000024 seconds.
  path: Assets/Scenes/Level1/ReflectionProbe-1.exr
  artifactKey: Guid(b54f7de82dad2ae4594627b7077c1b7c) Importer(815301076,1909f56bfc062723c751e8b465ee728b)
Start importing Assets/Scenes/Level1/ReflectionProbe-1.exr using Guid(b54f7de82dad2ae4594627b7077c1b7c) Importer(815301076,1909f56bfc062723c751e8b465ee728b)  -> (artifact id: 'ad50388b39a1ec876912d35d2d83dfe8') in 0.018436 seconds
Number of updated asset objects reloaded before import = 0
Number of asset objects unloaded after import = 2
========================================================================
Received Import Request.
  Time since last request: 0.000037 seconds.
  path: Assets/Prefabs/Rubble 1/RUBBLE 1_Material_Metallic.1001.png
  artifactKey: Guid(0c1f0a9cd1f88fb4b9b0f77c8ea56b73) Importer(815301076,1909f56bfc062723c751e8b465ee728b)
Start importing Assets/Prefabs/Rubble 1/RUBBLE 1_Material_Metallic.1001.png using Guid(0c1f0a9cd1f88fb4b9b0f77c8ea56b73) Importer(815301076,1909f56bfc062723c751e8b465ee728b)  -> (artifact id: 'fdeebb898b890d95a7499a5055703536') in 0.007888 seconds
Number of updated asset objects reloaded before import = 0
Number of asset objects unloaded after import = 2
========================================================================
Received Import Request.
  Time since last request: 0.000021 seconds.
  path: Assets/Prefabs/Rubble 1/RUBBLE 1_Material_BaseColor.1001.png
  artifactKey: Guid(c87f320ae5228b9499ec78a3e3858115) Importer(815301076,1909f56bfc062723c751e8b465ee728b)
Start importing Assets/Prefabs/Rubble 1/RUBBLE 1_Material_BaseColor.1001.png using Guid(c87f320ae5228b9499ec78a3e3858115) Importer(815301076,1909f56bfc062723c751e8b465ee728b)  -> (artifact id: '76f54b711fe5ccfe6696a3a497af3a42') in 0.017548 seconds
Number of updated asset objects reloaded before import = 0
Number of asset objects unloaded after import = 2
========================================================================
Received Import Request.
  Time since last request: 0.000060 seconds.
  path: Assets/Assets/Wall_Security_Camera 1/Security_Wall_Camera_Material.029_AlbedoTransparency.png
  artifactKey: Guid(385781df60aa0484d9e791a8ce0873a2) Importer(815301076,1909f56bfc062723c751e8b465ee728b)
Start importing Assets/Assets/Wall_Security_Camera 1/Security_Wall_Camera_Material.029_AlbedoTransparency.png using Guid(385781df60aa0484d9e791a8ce0873a2) Importer(815301076,1909f56bfc062723c751e8b465ee728b)  -> (artifact id: 'ef8813eab33ddf3ce889cca590a42e30') in 0.018224 seconds
Number of updated asset objects reloaded before import = 0
Number of asset objects unloaded after import = 2
========================================================================
Received Prepare
Begin MonoManager ReloadAssembly
- Loaded All Assemblies, in  0.579 seconds
Refreshing native plugins compatible for Editor in 4.41 ms, found 3 plugins.
Native extension for WindowsStandalone target not found
Native extension for Android target not found
Native extension for WebGL target not found
Mono: successfully reloaded assembly
- Finished resetting the current domain, in  1.412 seconds
Domain Reload Profiling: 1989ms
	BeginReloadAssembly (207ms)
		ExecutionOrderSort (0ms)
		DisableScriptedObjects (12ms)
		BackupInstance (0ms)
		ReleaseScriptingObjects (0ms)
		CreateAndSetChildDomain (54ms)
	RebuildCommonClasses (36ms)
	RebuildNativeTypeToScriptingClass (11ms)
	initialDomainReloadingComplete (41ms)
	LoadAllAssembliesAndSetupDomain (280ms)
		LoadAssemblies (359ms)
		RebuildTransferFunctionScriptingTraits (0ms)
		AnalyzeDomain (25ms)
			TypeCache.Refresh (6ms)
				TypeCache.ScanAssembly (0ms)
			ScanForSourceGeneratedMonoScriptInfo (0ms)
			ResolveRequiredComponents (17ms)
	FinalizeReload (1413ms)
		ReleaseScriptCaches (0ms)
		RebuildScriptCaches (0ms)
		SetupLoadedEditorAssemblies (503ms)
			LogAssemblyErrors (0ms)
			InitializePlatformSupportModulesInManaged (30ms)
			SetLoadedEditorAssemblies (4ms)
			RefreshPlugins (0ms)
			BeforeProcessingInitializeOnLoad (80ms)
			ProcessInitializeOnLoadAttributes (323ms)
			ProcessInitializeOnLoadMethodAttributes (57ms)
			AfterProcessingInitializeOnLoad (9ms)
			EditorAssembliesLoaded (0ms)
		ExecutionOrderSort2 (0ms)
		AwakeInstancesAfterBackupRestoration (19ms)
Refreshing native plugins compatible for Editor in 3.89 ms, found 3 plugins.
Preloading 0 native plugins for Editor in 0.00 ms.
Unloading 6183 Unused Serialized files (Serialized files now loaded: 0)
Unloading 58 unused Assets / (2.9 MB). Loaded Objects now: 7200.
Memory consumption went from 238.4 MB to 235.5 MB.
Total: 3.429800 ms (FindLiveObjects: 0.394700 ms CreateObjectMapping: 0.157100 ms MarkObjects: 2.450500 ms  DeleteObjects: 0.426300 ms)

Prepare: number of updated asset objects reloaded= 0
AssetImportParameters requested are different than current active one (requested -> active):
  custom:container-demuxer-ogg: 62fdf1f143b41e24485cea50d1cbac27 -> 
  custom:framework-win-MediaFoundation: 216162199b28c13a410421893ffa2e32 -> 
  custom:container-muxer-webm: aa71ff27fc2769a1b78a27578f13a17b -> 
  custom:video-decoder-webm-vp8: 9c59270c3fd7afecdb556c50c9e8de78 -> 
  custom:SearchIndexIgnoredProperties: e643bd26f0fe6173181afceb89e7c659 -> 
  custom:AudioImporter_EditorPlatform: d09bf68614088b80899f8185d706f6e7 -> 
  custom:audio-decoder-ogg-vorbis: bf7c407c2cedff20999df2af8eb42d56 -> 
  custom:audio-encoder-webm-vorbis: bf7c407c2cedff20999df2af8eb42d56 -> 
  custom:video-codec-MediaFoundation-h265: 746d11721c4dcdbdad8f713fa42b33f4 -> 
  custom:video-decoder-ogg-theora: a1e56fd34408186e4bbccfd4996cb3dc -> 
  custom:CustomObjectIndexerAttribute: 3ead1caaecf1c488f20bcfeb224b6af5 -> 
  custom:container-demuxer-webm: 4f35f7cbe854078d1ac9338744f61a02 -> 
  custom:video-encoder-webm-vp8: eb34c28f22e8b96e1ab97ce403110664 -> 
========================================================================
Received Prepare
Begin MonoManager ReloadAssembly
- Loaded All Assemblies, in  0.437 seconds
Refreshing native plugins compatible for Editor in 3.67 ms, found 3 plugins.
Native extension for WindowsStandalone target not found
Native extension for Android target not found
Native extension for WebGL target not found
Mono: successfully reloaded assembly
- Finished resetting the current domain, in  1.358 seconds
Domain Reload Profiling: 1794ms
	BeginReloadAssembly (149ms)
		ExecutionOrderSort (0ms)
		DisableScriptedObjects (4ms)
		BackupInstance (0ms)
		ReleaseScriptingObjects (0ms)
		CreateAndSetChildDomain (37ms)
	RebuildCommonClasses (27ms)
	RebuildNativeTypeToScriptingClass (9ms)
	initialDomainReloadingComplete (28ms)
	LoadAllAssembliesAndSetupDomain (222ms)
		LoadAssemblies (280ms)
		RebuildTransferFunctionScriptingTraits (0ms)
		AnalyzeDomain (21ms)
			TypeCache.Refresh (7ms)
				TypeCache.ScanAssembly (0ms)
			ScanForSourceGeneratedMonoScriptInfo (0ms)
			ResolveRequiredComponents (13ms)
	FinalizeReload (1359ms)
		ReleaseScriptCaches (0ms)
		RebuildScriptCaches (0ms)
		SetupLoadedEditorAssemblies (563ms)
			LogAssemblyErrors (0ms)
			InitializePlatformSupportModulesInManaged (29ms)
			SetLoadedEditorAssemblies (5ms)
			RefreshPlugins (0ms)
			BeforeProcessingInitializeOnLoad (95ms)
			ProcessInitializeOnLoadAttributes (365ms)
			ProcessInitializeOnLoadMethodAttributes (60ms)
			AfterProcessingInitializeOnLoad (8ms)
			EditorAssembliesLoaded (0ms)
		ExecutionOrderSort2 (0ms)
		AwakeInstancesAfterBackupRestoration (23ms)
Refreshing native plugins compatible for Editor in 3.12 ms, found 3 plugins.
Preloading 0 native plugins for Editor in 0.00 ms.
Unloading 6183 Unused Serialized files (Serialized files now loaded: 0)
Unloading 58 unused Assets / (2.9 MB). Loaded Objects now: 7220.
Memory consumption went from 240.2 MB to 237.4 MB.
Total: 4.321300 ms (FindLiveObjects: 0.490500 ms CreateObjectMapping: 0.223200 ms MarkObjects: 3.023100 ms  DeleteObjects: 0.583500 ms)

Prepare: number of updated asset objects reloaded= 0
AssetImportParameters requested are different than current active one (requested -> active):
  custom:container-demuxer-ogg: 62fdf1f143b41e24485cea50d1cbac27 -> 
  custom:framework-win-MediaFoundation: 216162199b28c13a410421893ffa2e32 -> 
  custom:container-muxer-webm: aa71ff27fc2769a1b78a27578f13a17b -> 
  custom:video-decoder-webm-vp8: 9c59270c3fd7afecdb556c50c9e8de78 -> 
  custom:SearchIndexIgnoredProperties: e643bd26f0fe6173181afceb89e7c659 -> 
  custom:AudioImporter_EditorPlatform: d09bf68614088b80899f8185d706f6e7 -> 
  custom:audio-decoder-ogg-vorbis: bf7c407c2cedff20999df2af8eb42d56 -> 
  custom:audio-encoder-webm-vorbis: bf7c407c2cedff20999df2af8eb42d56 -> 
  custom:video-codec-MediaFoundation-h265: 746d11721c4dcdbdad8f713fa42b33f4 -> 
  custom:video-decoder-ogg-theora: a1e56fd34408186e4bbccfd4996cb3dc -> 
  custom:CustomObjectIndexerAttribute: 3ead1caaecf1c488f20bcfeb224b6af5 -> 
  custom:container-demuxer-webm: 4f35f7cbe854078d1ac9338744f61a02 -> 
  custom:video-encoder-webm-vp8: eb34c28f22e8b96e1ab97ce403110664 -> 
========================================================================
Received Import Request.
  Time since last request: 342.859563 seconds.
  path: Assets/Assets/Wall_Security_Camera 1/Security_Wall_Camera_Material.029_Emission.png
  artifactKey: Guid(a0857860c2a71d84c8349d53dc0d8186) Importer(815301076,1909f56bfc062723c751e8b465ee728b)
Start importing Assets/Assets/Wall_Security_Camera 1/Security_Wall_Camera_Material.029_Emission.png using Guid(a0857860c2a71d84c8349d53dc0d8186) Importer(815301076,1909f56bfc062723c751e8b465ee728b)  -> (artifact id: 'de980fc42d38fb2fae301b4e638957bb') in 0.058381 seconds
Number of updated asset objects reloaded before import = 0
Number of asset objects unloaded after import = 2
========================================================================
Received Import Request.
  Time since last request: 0.000023 seconds.
  path: Assets/Assets/Wall_Security_Camera 1/Security_Wall_Camera_Material.029_Normal.png
  artifactKey: Guid(1fcca503604db0c4f966962dedf6fd4c) Importer(815301076,1909f56bfc062723c751e8b465ee728b)
Start importing Assets/Assets/Wall_Security_Camera 1/Security_Wall_Camera_Material.029_Normal.png using Guid(1fcca503604db0c4f966962dedf6fd4c) Importer(815301076,1909f56bfc062723c751e8b465ee728b)  -> (artifact id: 'cc1fb78b75e1135c14d41b47c7ef3e03') in 0.017998 seconds
Number of updated asset objects reloaded before import = 0
Number of asset objects unloaded after import = 2
========================================================================
Received Import Request.
  Time since last request: 0.000037 seconds.
  path: Assets/Assets/Wall_Security_Camera 1/Security_Wall_Camera_Material.030_AlbedoTransparency.png
  artifactKey: Guid(257d5588493bd1143a547e1e2fa3bbe2) Importer(815301076,1909f56bfc062723c751e8b465ee728b)
Start importing Assets/Assets/Wall_Security_Camera 1/Security_Wall_Camera_Material.030_AlbedoTransparency.png using Guid(257d5588493bd1143a547e1e2fa3bbe2) Importer(815301076,1909f56bfc062723c751e8b465ee728b)  -> (artifact id: 'cfd66ba87cc96448c8c0f9030a6f9e22') in 0.017963 seconds
Number of updated asset objects reloaded before import = 0
Number of asset objects unloaded after import = 2
========================================================================
Received Import Request.
  Time since last request: 0.000014 seconds.
  path: Assets/Assets/Wall_Security_Camera 1/Security_Wall_Camera_Material.031_AlbedoTransparency.png
  artifactKey: Guid(b12d0cec9d959c04ea4b6b9fa6d8cad4) Importer(815301076,1909f56bfc062723c751e8b465ee728b)
Start importing Assets/Assets/Wall_Security_Camera 1/Security_Wall_Camera_Material.031_AlbedoTransparency.png using Guid(b12d0cec9d959c04ea4b6b9fa6d8cad4) Importer(815301076,1909f56bfc062723c751e8b465ee728b)  -> (artifact id: '30609eaea772482447556b81d26949ad') in 0.019072 seconds
Number of updated asset objects reloaded before import = 0
Number of asset objects unloaded after import = 2
========================================================================
Received Import Request.
  Time since last request: 0.000035 seconds.
  path: Assets/Assets/Wall_Security_Camera 1/Security_Wall_Camera_Material.030_Normal.png
  artifactKey: Guid(7a9bb07706e234f4c930ebae61038e59) Importer(815301076,1909f56bfc062723c751e8b465ee728b)
Start importing Assets/Assets/Wall_Security_Camera 1/Security_Wall_Camera_Material.030_Normal.png using Guid(7a9bb07706e234f4c930ebae61038e59) Importer(815301076,1909f56bfc062723c751e8b465ee728b)  -> (artifact id: 'afee93304061b926d50814148c7609cf') in 0.018718 seconds
Number of updated asset objects reloaded before import = 0
Number of asset objects unloaded after import = 2
========================================================================
Received Import Request.
  Time since last request: 0.000020 seconds.
  path: Assets/Assets/Wall_Security_Camera 1/Security_Wall_Camera_Material.030_AmbientOcclusion.png
  artifactKey: Guid(df707735ef713a746a35bf65cf041643) Importer(815301076,1909f56bfc062723c751e8b465ee728b)
Start importing Assets/Assets/Wall_Security_Camera 1/Security_Wall_Camera_Material.030_AmbientOcclusion.png using Guid(df707735ef713a746a35bf65cf041643) Importer(815301076,1909f56bfc062723c751e8b465ee728b)  -> (artifact id: '39ed0a0d8d6813bf524036d56282b60b') in 0.020727 seconds
Number of updated asset objects reloaded before import = 0
Number of asset objects unloaded after import = 2
========================================================================
Received Import Request.
  Time since last request: 0.000028 seconds.
  path: Assets/Assets/Wall_Security_Camera 1/Security_Wall_Camera_Material.031_MetallicSmoothness.png
  artifactKey: Guid(3b23553524ab661479f425a6c545a386) Importer(815301076,1909f56bfc062723c751e8b465ee728b)
Start importing Assets/Assets/Wall_Security_Camera 1/Security_Wall_Camera_Material.031_MetallicSmoothness.png using Guid(3b23553524ab661479f425a6c545a386) Importer(815301076,1909f56bfc062723c751e8b465ee728b)  -> (artifact id: '37a85bae6c933b91a6e5e2b3b84177bb') in 0.011678 seconds
Number of updated asset objects reloaded before import = 0
Number of asset objects unloaded after import = 2
========================================================================
Received Import Request.
  Time since last request: 0.518415 seconds.
  path: Assets/Assets/Storage_Locker_2/Storage_Lockers_2_Material.035_AlbedoTransparency.png
  artifactKey: Guid(c34672d1cbb87ba49b2e2e45d90d3f8c) Importer(815301076,1909f56bfc062723c751e8b465ee728b)
Start importing Assets/Assets/Storage_Locker_2/Storage_Lockers_2_Material.035_AlbedoTransparency.png using Guid(c34672d1cbb87ba49b2e2e45d90d3f8c) Importer(815301076,1909f56bfc062723c751e8b465ee728b)  -> (artifact id: 'cd335021a6fe6acbb5f0088fe6a60068') in 0.017498 seconds
Number of updated asset objects reloaded before import = 0
Number of asset objects unloaded after import = 2
========================================================================
Received Import Request.
  Time since last request: 0.000017 seconds.
  path: Assets/Assets/Storage_Locker_2/Storage_Lockers_2_Material.036_AlbedoTransparency.png
  artifactKey: Guid(9cf4de628cb4c6a4a80a248abc09e22c) Importer(815301076,1909f56bfc062723c751e8b465ee728b)
Start importing Assets/Assets/Storage_Locker_2/Storage_Lockers_2_Material.036_AlbedoTransparency.png using Guid(9cf4de628cb4c6a4a80a248abc09e22c) Importer(815301076,1909f56bfc062723c751e8b465ee728b)  -> (artifact id: '5b74fd70f5884393f83e6f108595165e') in 0.015622 seconds
Number of updated asset objects reloaded before import = 0
Number of asset objects unloaded after import = 2
========================================================================
Received Import Request.
  Time since last request: 0.000019 seconds.
  path: Assets/Assets/Storage_Locker_2/Storage_Lockers_2_Material.036_Emission.png
  artifactKey: Guid(d40abac3ee5c02043b1e5e488ce89d61) Importer(815301076,1909f56bfc062723c751e8b465ee728b)
Start importing Assets/Assets/Storage_Locker_2/Storage_Lockers_2_Material.036_Emission.png using Guid(d40abac3ee5c02043b1e5e488ce89d61) Importer(815301076,1909f56bfc062723c751e8b465ee728b)  -> (artifact id: '89a616e41bc26e01b10d41636b6565be') in 0.009209 seconds
Number of updated asset objects reloaded before import = 0
Number of asset objects unloaded after import = 2
========================================================================
Received Import Request.
  Time since last request: 0.000020 seconds.
  path: Assets/Assets/Storage_Locker_2/Storage_Lockers_2_Material.035_Normal.png
  artifactKey: Guid(506fd14a8bd36f348b613fbc0b69ea45) Importer(815301076,1909f56bfc062723c751e8b465ee728b)
Start importing Assets/Assets/Storage_Locker_2/Storage_Lockers_2_Material.035_Normal.png using Guid(506fd14a8bd36f348b613fbc0b69ea45) Importer(815301076,1909f56bfc062723c751e8b465ee728b)  -> (artifact id: '4641ab417ee81d8c663ad2f59b287fae') in 0.017299 seconds
Number of updated asset objects reloaded before import = 0
Number of asset objects unloaded after import = 2
========================================================================
Received Import Request.
  Time since last request: 0.000022 seconds.
  path: Assets/Assets/Storage_Locker_2/Storage_Lockers_2_Material.035_AmbientOcclusion.png
  artifactKey: Guid(ae388d8ad138ad24291f3c94e27b1db6) Importer(815301076,1909f56bfc062723c751e8b465ee728b)
Start importing Assets/Assets/Storage_Locker_2/Storage_Lockers_2_Material.035_AmbientOcclusion.png using Guid(ae388d8ad138ad24291f3c94e27b1db6) Importer(815301076,1909f56bfc062723c751e8b465ee728b)  -> (artifact id: 'bd9f9ac6011464eaa756725594bd662d') in 0.017566 seconds
Number of updated asset objects reloaded before import = 0
Number of asset objects unloaded after import = 2
========================================================================
Received Import Request.
  Time since last request: 0.000018 seconds.
  path: Assets/Assets/Storage_Locker_2/Storage_Lockers_2_Material.035_Emission.png
  artifactKey: Guid(743c3b3fc3bb0eb429c57294cbe961e6) Importer(815301076,1909f56bfc062723c751e8b465ee728b)
Start importing Assets/Assets/Storage_Locker_2/Storage_Lockers_2_Material.035_Emission.png using Guid(743c3b3fc3bb0eb429c57294cbe961e6) Importer(815301076,1909f56bfc062723c751e8b465ee728b)  -> (artifact id: '007c112b52cdd2415cd370f48914d764') in 0.006908 seconds
Number of updated asset objects reloaded before import = 0
Number of asset objects unloaded after import = 2
========================================================================
Received Import Request.
  Time since last request: 0.000024 seconds.
  path: Assets/Assets/Storage_Locker_2/Storage_Lockers_2_Material.035_MetallicSmoothness.png
  artifactKey: Guid(713c8e34c01295246aaad5be0d76c06d) Importer(815301076,1909f56bfc062723c751e8b465ee728b)
Start importing Assets/Assets/Storage_Locker_2/Storage_Lockers_2_Material.035_MetallicSmoothness.png using Guid(713c8e34c01295246aaad5be0d76c06d) Importer(815301076,1909f56bfc062723c751e8b465ee728b)  -> (artifact id: '111cb821b8539f08996c45f5450a169f') in 0.009198 seconds
Number of updated asset objects reloaded before import = 0
Number of asset objects unloaded after import = 2
========================================================================
Received Import Request.
  Time since last request: 0.000015 seconds.
  path: Assets/Assets/Storage_Locker_2/Storage_Lockers_2_Material.036_MetallicSmoothness.png
  artifactKey: Guid(2297334bde626f94a87a155b34130eba) Importer(815301076,1909f56bfc062723c751e8b465ee728b)
Start importing Assets/Assets/Storage_Locker_2/Storage_Lockers_2_Material.036_MetallicSmoothness.png using Guid(2297334bde626f94a87a155b34130eba) Importer(815301076,1909f56bfc062723c751e8b465ee728b)  -> (artifact id: 'e239e630ab00d01e2eda79a54d07b720') in 0.009464 seconds
Number of updated asset objects reloaded before import = 0
Number of asset objects unloaded after import = 2
========================================================================
Received Import Request.
  Time since last request: 0.000029 seconds.
  path: Assets/Assets/Storage_Locker_2/Storage_Lockers_2_Material.036_AmbientOcclusion.png
  artifactKey: Guid(2d826d9b6f8a1ea44a0bbe3fe025423f) Importer(815301076,1909f56bfc062723c751e8b465ee728b)
Start importing Assets/Assets/Storage_Locker_2/Storage_Lockers_2_Material.036_AmbientOcclusion.png using Guid(2d826d9b6f8a1ea44a0bbe3fe025423f) Importer(815301076,1909f56bfc062723c751e8b465ee728b)  -> (artifact id: '541f2acfb52999c483d76f2c2dfc725d') in 0.015583 seconds
Number of updated asset objects reloaded before import = 0
Number of asset objects unloaded after import = 2
========================================================================
Received Import Request.
  Time since last request: 0.211839 seconds.
  path: Assets/Assets/Storage_Locker_3/Storage_Lockers_3_Material.037_AlbedoTransparency.png
  artifactKey: Guid(790ab97a50781da4796460a3f9a18a6e) Importer(815301076,1909f56bfc062723c751e8b465ee728b)
Start importing Assets/Assets/Storage_Locker_3/Storage_Lockers_3_Material.037_AlbedoTransparency.png using Guid(790ab97a50781da4796460a3f9a18a6e) Importer(815301076,1909f56bfc062723c751e8b465ee728b)  -> (artifact id: 'f3563ae08e1c3be7a028d4376e8f05fd') in 0.016736 seconds
Number of updated asset objects reloaded before import = 0
Number of asset objects unloaded after import = 2
========================================================================
Received Import Request.
  Time since last request: 0.000016 seconds.
  path: Assets/Assets/Storage_Locker_3/Storage_Lockers_3_Material.037_Emission.png
  artifactKey: Guid(9cd25cbe95d955e40b92e150aa752396) Importer(815301076,1909f56bfc062723c751e8b465ee728b)
Start importing Assets/Assets/Storage_Locker_3/Storage_Lockers_3_Material.037_Emission.png using Guid(9cd25cbe95d955e40b92e150aa752396) Importer(815301076,1909f56bfc062723c751e8b465ee728b)  -> (artifact id: 'd1c6aef4a31623d9ac64ca05b8c9518a') in 0.007345 seconds
Number of updated asset objects reloaded before import = 0
Number of asset objects unloaded after import = 2
========================================================================
Received Import Request.
  Time since last request: 0.000015 seconds.
  path: Assets/Assets/Storage_Locker_3/Storage_Lockers_3_Material.037_AmbientOcclusion.png
  artifactKey: Guid(d10577d096f765247bfb8b3adc3ff31b) Importer(815301076,1909f56bfc062723c751e8b465ee728b)
Start importing Assets/Assets/Storage_Locker_3/Storage_Lockers_3_Material.037_AmbientOcclusion.png using Guid(d10577d096f765247bfb8b3adc3ff31b) Importer(815301076,1909f56bfc062723c751e8b465ee728b)  -> (artifact id: '28f4b6d72d9d95d9c8cfc35b052fc40f') in 0.015986 seconds
Number of updated asset objects reloaded before import = 0
Number of asset objects unloaded after import = 2
========================================================================
Received Import Request.
  Time since last request: 0.000023 seconds.
  path: Assets/Assets/Storage_Locker_3/Storage_Lockers_3_Material.039_AmbientOcclusion.png
  artifactKey: Guid(dd322edd76ff3364698c0e99642d26a1) Importer(815301076,1909f56bfc062723c751e8b465ee728b)
Start importing Assets/Assets/Storage_Locker_3/Storage_Lockers_3_Material.039_AmbientOcclusion.png using Guid(dd322edd76ff3364698c0e99642d26a1) Importer(815301076,1909f56bfc062723c751e8b465ee728b)  -> (artifact id: 'd259df5076716c3baf6d771732b69b1b') in 0.017869 seconds
Number of updated asset objects reloaded before import = 0
Number of asset objects unloaded after import = 2
========================================================================
Received Import Request.
  Time since last request: 0.000023 seconds.
  path: Assets/Assets/Storage_Locker_3/Storage_Lockers_3_Material.039_Emission.png
  artifactKey: Guid(8cd4ee6549860484bb7d4fd0379a4768) Importer(815301076,1909f56bfc062723c751e8b465ee728b)
Start importing Assets/Assets/Storage_Locker_3/Storage_Lockers_3_Material.039_Emission.png using Guid(8cd4ee6549860484bb7d4fd0379a4768) Importer(815301076,1909f56bfc062723c751e8b465ee728b)  -> (artifact id: 'eaa36a6cb36351e2ccaf88b05868c9fc') in 0.009706 seconds
Number of updated asset objects reloaded before import = 0
Number of asset objects unloaded after import = 2
========================================================================
Received Import Request.
  Time since last request: 0.260980 seconds.
  path: Assets/Prefabs/Sunfish_Model_Animation/Sunfish_DefaultMaterial_BaseColor.1001.png
  artifactKey: Guid(9aaebfd9f598b534a9c6f1158dc6c897) Importer(815301076,1909f56bfc062723c751e8b465ee728b)
Start importing Assets/Prefabs/Sunfish_Model_Animation/Sunfish_DefaultMaterial_BaseColor.1001.png using Guid(9aaebfd9f598b534a9c6f1158dc6c897) Importer(815301076,1909f56bfc062723c751e8b465ee728b)  -> (artifact id: '4d16386a416eedda85fda2227469a0b6') in 0.020893 seconds
Number of updated asset objects reloaded before import = 0
Number of asset objects unloaded after import = 2
========================================================================
Received Import Request.
  Time since last request: 0.000024 seconds.
  path: Assets/Prefabs/Sunfish_Model_Animation/Sunfish_DefaultMaterial_Emission.1001.png
  artifactKey: Guid(d0286ee72ce380b4d84b4c0ca6a08929) Importer(815301076,1909f56bfc062723c751e8b465ee728b)
Start importing Assets/Prefabs/Sunfish_Model_Animation/Sunfish_DefaultMaterial_Emission.1001.png using Guid(d0286ee72ce380b4d84b4c0ca6a08929) Importer(815301076,1909f56bfc062723c751e8b465ee728b)  -> (artifact id: '6d221f578fc0508e92367c824e619a95') in 0.019145 seconds
Number of updated asset objects reloaded before import = 0
Number of asset objects unloaded after import = 2
========================================================================
Received Import Request.
  Time since last request: 0.000015 seconds.
  path: Assets/Prefabs/Sunfish_Model_Animation/Sunfish_DefaultMaterial_SpecularSmoothness.1001.png
  artifactKey: Guid(0397482b1475afe458a5a3aa170710c4) Importer(815301076,1909f56bfc062723c751e8b465ee728b)
Start importing Assets/Prefabs/Sunfish_Model_Animation/Sunfish_DefaultMaterial_SpecularSmoothness.1001.png using Guid(0397482b1475afe458a5a3aa170710c4) Importer(815301076,1909f56bfc062723c751e8b465ee728b)  -> (artifact id: '45afa439abcdcded2bd3a01117a377d5') in 0.019829 seconds
Number of updated asset objects reloaded before import = 0
Number of asset objects unloaded after import = 2
========================================================================
Received Import Request.
  Time since last request: 0.312637 seconds.
  path: Assets/Prefabs/Teacup BaseRide/Tea_Cups_NoTextures_DefaultMaterial_AlbedoTransparency.1001 1.png
  artifactKey: Guid(42935eb0b025b5e47983b12792d99d0d) Importer(815301076,1909f56bfc062723c751e8b465ee728b)
Start importing Assets/Prefabs/Teacup BaseRide/Tea_Cups_NoTextures_DefaultMaterial_AlbedoTransparency.1001 1.png using Guid(42935eb0b025b5e47983b12792d99d0d) Importer(815301076,1909f56bfc062723c751e8b465ee728b)  -> (artifact id: '3415e49476923dad9ee956a452114cc0') in 0.016794 seconds
Number of updated asset objects reloaded before import = 0
Number of asset objects unloaded after import = 2
========================================================================
Received Import Request.
  Time since last request: 0.000019 seconds.
  path: Assets/Prefabs/Teacup BaseRide/Tea_Cups_NoTextures_DefaultMaterial_Normal.1001.png
  artifactKey: Guid(07ec1ae97cbd27145b07cc53c3f2c3bd) Importer(815301076,1909f56bfc062723c751e8b465ee728b)
Start importing Assets/Prefabs/Teacup BaseRide/Tea_Cups_NoTextures_DefaultMaterial_Normal.1001.png using Guid(07ec1ae97cbd27145b07cc53c3f2c3bd) Importer(815301076,1909f56bfc062723c751e8b465ee728b)  -> (artifact id: '5a10d6e5cceab8e5c0c780089a803701') in 0.009757 seconds
Number of updated asset objects reloaded before import = 0
Number of asset objects unloaded after import = 2
========================================================================
Received Import Request.
  Time since last request: 0.000035 seconds.
  path: Assets/Prefabs/Teacup BaseRide/Tea_Cups_NoTextures_DefaultMaterial_Emission.1001 1.png
  artifactKey: Guid(2252c7c3777145e42bf9d839970f06e7) Importer(815301076,1909f56bfc062723c751e8b465ee728b)
Start importing Assets/Prefabs/Teacup BaseRide/Tea_Cups_NoTextures_DefaultMaterial_Emission.1001 1.png using Guid(2252c7c3777145e42bf9d839970f06e7) Importer(815301076,1909f56bfc062723c751e8b465ee728b)  -> (artifact id: 'f8a8a47ecb442ad3adb2835a215c3907') in 0.008283 seconds
Number of updated asset objects reloaded before import = 0
Number of asset objects unloaded after import = 2
========================================================================
Received Import Request.
  Time since last request: 0.000022 seconds.
  path: Assets/Prefabs/Tentacle/Tentacle_Animation_Tentacle_Emission.png
  artifactKey: Guid(9c6d4578402145243bc86c71f4427ebd) Importer(815301076,1909f56bfc062723c751e8b465ee728b)
Start importing Assets/Prefabs/Tentacle/Tentacle_Animation_Tentacle_Emission.png using Guid(9c6d4578402145243bc86c71f4427ebd) Importer(815301076,1909f56bfc062723c751e8b465ee728b)  -> (artifact id: 'bc15e400183dd95add7023528b9afe7a') in 0.007274 seconds
Number of updated asset objects reloaded before import = 0
Number of asset objects unloaded after import = 2
========================================================================
Received Import Request.
  Time since last request: 0.000017 seconds.
  path: Assets/Prefabs/Tentacle/Tentacle_Animation_Tentacle_MetallicSmoothness.png
  artifactKey: Guid(c682b12df25d7684f9ae1065c978fad0) Importer(815301076,1909f56bfc062723c751e8b465ee728b)
Start importing Assets/Prefabs/Tentacle/Tentacle_Animation_Tentacle_MetallicSmoothness.png using Guid(c682b12df25d7684f9ae1065c978fad0) Importer(815301076,1909f56bfc062723c751e8b465ee728b)  -> (artifact id: 'beac8b33da610d66988fb94c18e2ad53') in 0.010035 seconds
Number of updated asset objects reloaded before import = 0
Number of asset objects unloaded after import = 2
========================================================================
Received Import Request.
  Time since last request: 0.000019 seconds.
  path: Assets/Prefabs/Teacup BaseRide/Tea_Ride_Base_NoTextures_DefaultMaterial_Emission.1001.png
  artifactKey: Guid(d0a445ff952a2fb419bd83f419aee2a5) Importer(815301076,1909f56bfc062723c751e8b465ee728b)
Start importing Assets/Prefabs/Teacup BaseRide/Tea_Ride_Base_NoTextures_DefaultMaterial_Emission.1001.png using Guid(d0a445ff952a2fb419bd83f419aee2a5) Importer(815301076,1909f56bfc062723c751e8b465ee728b)  -> (artifact id: 'a741ccce5ce61299c8d2983feddb88ce') in 0.008079 seconds
Number of updated asset objects reloaded before import = 0
Number of asset objects unloaded after import = 2
========================================================================
Received Import Request.
  Time since last request: 0.000032 seconds.
  path: Assets/Prefabs/Tentacle/Tentacle_Animation_Tentacle_Height_).png
  artifactKey: Guid(dd865fd2e5fd2634b89fd8f71909d93e) Importer(815301076,1909f56bfc062723c751e8b465ee728b)
Start importing Assets/Prefabs/Tentacle/Tentacle_Animation_Tentacle_Height_).png using Guid(dd865fd2e5fd2634b89fd8f71909d93e) Importer(815301076,1909f56bfc062723c751e8b465ee728b)  -> (artifact id: 'a354fe8bed5557be37e7d1d23616bb07') in 0.017673 seconds
Number of updated asset objects reloaded before import = 0
Number of asset objects unloaded after import = 2
========================================================================
Received Import Request.
  Time since last request: 0.000018 seconds.
  path: Assets/Prefabs/Teacup BaseRide/Tea_Ride_Base_NoTextures_DefaultMaterial_Normal.1001.png
  artifactKey: Guid(5734485fcb895ed47adea05f7063e44e) Importer(815301076,1909f56bfc062723c751e8b465ee728b)
Start importing Assets/Prefabs/Teacup BaseRide/Tea_Ride_Base_NoTextures_DefaultMaterial_Normal.1001.png using Guid(5734485fcb895ed47adea05f7063e44e) Importer(815301076,1909f56bfc062723c751e8b465ee728b)  -> (artifact id: '392de850e8a4daee3c6b50ea6b6d02c3') in 0.009558 seconds
Number of updated asset objects reloaded before import = 0
Number of asset objects unloaded after import = 2
========================================================================
Received Import Request.
  Time since last request: 0.000022 seconds.
  path: Assets/Prefabs/Tentacle/Tentacle_Animation_Tentacle_Normal.png
  artifactKey: Guid(33e2b89a4922aaf419fc6787594eecf1) Importer(815301076,1909f56bfc062723c751e8b465ee728b)
Start importing Assets/Prefabs/Tentacle/Tentacle_Animation_Tentacle_Normal.png using Guid(33e2b89a4922aaf419fc6787594eecf1) Importer(815301076,1909f56bfc062723c751e8b465ee728b)  -> (artifact id: '84c5332ba4eeb975dce8529763399ddf') in 0.021576 seconds
Number of updated asset objects reloaded before import = 0
Number of asset objects unloaded after import = 2
========================================================================
Received Import Request.
  Time since last request: 0.000023 seconds.
  path: Assets/Prefabs/Teacup BaseRide/Tea_Cups_NoTextures_DefaultMaterial_Normal.1001 1.png
  artifactKey: Guid(f2a0fc6e58374b54c8dd837ece02d219) Importer(815301076,1909f56bfc062723c751e8b465ee728b)
Start importing Assets/Prefabs/Teacup BaseRide/Tea_Cups_NoTextures_DefaultMaterial_Normal.1001 1.png using Guid(f2a0fc6e58374b54c8dd837ece02d219) Importer(815301076,1909f56bfc062723c751e8b465ee728b)  -> (artifact id: 'f906542f26780f73ff33c559672f0842') in 0.008082 seconds
Number of updated asset objects reloaded before import = 0
Number of asset objects unloaded after import = 2
========================================================================
Received Import Request.
  Time since last request: 0.850641 seconds.
  path: Packages/www.nulltale.vhsfx/Runtime/Vhs/Vhs/Tape/Vhs001.png
  artifactKey: Guid(0d8527f69f11eee4784124083e96deb9) Importer(815301076,1909f56bfc062723c751e8b465ee728b)
Start importing Packages/www.nulltale.vhsfx/Runtime/Vhs/Vhs/Tape/Vhs001.png using Guid(0d8527f69f11eee4784124083e96deb9) Importer(815301076,1909f56bfc062723c751e8b465ee728b)  -> (artifact id: '1774940e19096097a2e9a2b04158b52d') in 0.016620 seconds
Number of updated asset objects reloaded before import = 0
Number of asset objects unloaded after import = 1
========================================================================
Received Import Request.
  Time since last request: 0.000017 seconds.
  path: Packages/www.nulltale.vhsfx/Runtime/Vhs/Vhs/Tape/Vhs010.png
  artifactKey: Guid(a1761815d442fc44b99657668312bd58) Importer(815301076,1909f56bfc062723c751e8b465ee728b)
Start importing Packages/www.nulltale.vhsfx/Runtime/Vhs/Vhs/Tape/Vhs010.png using Guid(a1761815d442fc44b99657668312bd58) Importer(815301076,1909f56bfc062723c751e8b465ee728b)  -> (artifact id: '4b9bf27e0502c811cc56386d2dfea653') in 0.013487 seconds
Number of updated asset objects reloaded before import = 0
Number of asset objects unloaded after import = 1
========================================================================
Received Import Request.
  Time since last request: 0.000021 seconds.
  path: Packages/www.nulltale.vhsfx/Runtime/Vhs/Vhs/Tape/Vhs011.png
  artifactKey: Guid(8f0882a0afd6c494b89fe29f206dee06) Importer(815301076,1909f56bfc062723c751e8b465ee728b)
Start importing Packages/www.nulltale.vhsfx/Runtime/Vhs/Vhs/Tape/Vhs011.png using Guid(8f0882a0afd6c494b89fe29f206dee06) Importer(815301076,1909f56bfc062723c751e8b465ee728b)  -> (artifact id: '76a3144a9e9227a11adf822347a85445') in 0.014035 seconds
Number of updated asset objects reloaded before import = 0
Number of asset objects unloaded after import = 1
========================================================================
Received Import Request.
  Time since last request: 0.000044 seconds.
  path: Packages/www.nulltale.vhsfx/Runtime/Vhs/Vhs/Tape/Vhs006.png
  artifactKey: Guid(694221a2aae559845b1f291ca0389e1d) Importer(815301076,1909f56bfc062723c751e8b465ee728b)
Start importing Packages/www.nulltale.vhsfx/Runtime/Vhs/Vhs/Tape/Vhs006.png using Guid(694221a2aae559845b1f291ca0389e1d) Importer(815301076,1909f56bfc062723c751e8b465ee728b)  -> (artifact id: 'e93f38cb7fe7586c070059e1537e5822') in 0.018776 seconds
Number of updated asset objects reloaded before import = 0
Number of asset objects unloaded after import = 1
========================================================================
Received Import Request.
  Time since last request: 0.000046 seconds.
  path: Packages/www.nulltale.vhsfx/Runtime/Vhs/Vhs/Tape/Vhs004.png
  artifactKey: Guid(c08bc96e1241fb347be7fe23b262ea5f) Importer(815301076,1909f56bfc062723c751e8b465ee728b)
Start importing Packages/www.nulltale.vhsfx/Runtime/Vhs/Vhs/Tape/Vhs004.png using Guid(c08bc96e1241fb347be7fe23b262ea5f) Importer(815301076,1909f56bfc062723c751e8b465ee728b)  -> (artifact id: '16847e10a03db09475ea5f23bed4ce51') in 0.013086 seconds
Number of updated asset objects reloaded before import = 0
Number of asset objects unloaded after import = 1
========================================================================
Received Import Request.
  Time since last request: 0.000016 seconds.
  path: Packages/www.nulltale.vhsfx/Runtime/Vhs/Vhs/Tape/Vhs005.png
  artifactKey: Guid(3f69394cf4fce5d4e91ff133c231cf5a) Importer(815301076,1909f56bfc062723c751e8b465ee728b)
Start importing Packages/www.nulltale.vhsfx/Runtime/Vhs/Vhs/Tape/Vhs005.png using Guid(3f69394cf4fce5d4e91ff133c231cf5a) Importer(815301076,1909f56bfc062723c751e8b465ee728b)  -> (artifact id: '7f764bbb2b247b8fae0957a574c5a010') in 0.012871 seconds
Number of updated asset objects reloaded before import = 0
Number of asset objects unloaded after import = 1
========================================================================
Received Import Request.
  Time since last request: 0.000022 seconds.
  path: Packages/www.nulltale.vhsfx/Runtime/Vhs/Vhs/Tape/Vhs008.png
  artifactKey: Guid(5ab1d12b0fa583e4ea59952df84f6a41) Importer(815301076,1909f56bfc062723c751e8b465ee728b)
Start importing Packages/www.nulltale.vhsfx/Runtime/Vhs/Vhs/Tape/Vhs008.png using Guid(5ab1d12b0fa583e4ea59952df84f6a41) Importer(815301076,1909f56bfc062723c751e8b465ee728b)  -> (artifact id: 'b87e3c78165b86f1e802b2853bfad84b') in 0.012970 seconds
Number of updated asset objects reloaded before import = 0
Number of asset objects unloaded after import = 1
